Legend Of Zelda, The - Ocarina Of Time
Super Mario 64
007 - GoldenEye
Super Smash Bros.
Legend Of Zelda, The - Majora's Mask
Mario Kart 64
Banjo-Kazooie
Perfect Dark
Star Fox 64
Paper Mario
Donkey Kong 64
Conker's Bad Fur Day
Banjo-Tooie
Diddy Kong Racing
WWF No Mercy
Harvest Moon 64
Jet Force Gemini
DONTHAVE-Ogre Battle 64 - Person of Lordly Caliber
Mario Party
F-Zero X
Mario Tennis
Mario Party 2
DONTHAVE-Star Wars - Rogue Squadron
Kirby 64 - The Crystal Shards
Mario Party 3
Blast Corps
Mystical Ninja starring Goemon
Wave Race 64
DONTHAVE-Mischief Makers
Star Wars - Shadows of the Empire
WCW-nWo Revenge
Pokemon Snap
DONTHAVE-Pokemon Stadium
Resident Evil 2
SpaceStation Silicon Valley
Body Harvest
Turok - Dinosaur Hunter
Pilotwings 64
WWF Wrestlemania 2000
DONTHAVE-Sin and Punishment - Successor of the Earth
Turok 2 - Seeds of Evil
Pokemon Stadium 2
Bomberman 64
Yoshi's Story
Rush 2 - Extreme Racing USA
Mario Golf
1080 TenEighty Snowboarding
Pokemon Puzzle League
DONTHAVE-San Francisco Rush - Extreme Racing
Killer Instinct Gold
Mega Man 64
Duke Nukem 64
Goemon's Great Adventure
San Francisco Rush 2049
Rayman 2 - The Great Escape
Snowboard Kids
Tony Hawk's Pro Skater 2
Vigilante 8
Quest 64
007 - The World is Not Enough
Shadow Man
WinBack - Covert Operations
Cruis'n USA
Wayne Gretzky's 3D Hockey
Beetle Adventure Racing!
Hybrid Heaven
Tony Hawk's Pro Skater
DONTHAVE-Excitebike 64
NFL Blitz
BattleTanx - Global Assault
Castlevania - Legacy Of Darkness
Rocket - Robot on Wheels
Star Wars Episode I - Racer
Spider-Man
Road Rash 64
Vigilante 8 - 2nd Offense
DONTHAVE-Aidyn Chronicles - The First Mage
Duke Nukem - Zero Hour
Mission Impossible
F-1 World Grand Prix
Snowboard Kids 2
Superman - The New Superman Aventures
Worms Armageddon
Castlevania
DONTHAVE-Virtual Pro Wrestling 2 - Oudou Keishou
Command & Conquer
Extreme-G
Tetrisphere
NFL Blitz 2001
Starcraft 64
DONTHAVE-Bakuretsu Muteki Bangai-O
Cruis'n World
International Superstar Soccer '98
NBA Hangtime
Bomberman 64 - The Second Attack!
WipeOut 64
International Superstar Soccer 64
Mortal Kombat Trilogy
Bomberman Hero
Fighters Destiny
Hexen
Dr. Mario 64
Top Gear Rally
Flying Dragon
DONTHAVE-Turok - Rage Wars
BattleTanx
Gauntlet Legends
Hydro Thunder
Lode Runner 3-D
Mortal Kombat 4
NBA Showtime - NBA on NBC
South Park
Cruis'n Exotica
Penny Racers
Robotron 64
Shadowgate 64 - Trials of the Four Towers
WCW vs. NWO - World Tour
Iggy's Reckin' Balls
DONTHAVE-Wonder Project J2
Doom 64
John Romero's Daikatana
Glover
Kobe Bryant's NBA Courtside
Re-Volt
DONTHAVE-Sesame Street - Elmo's Number Journey
Tonic Trouble
Tony Hawk's Pro Skater 3
World Driver Championship
Army Men - Air Combat
DONTHAVE-Custom Robo
Destruction Derby 64
Mortal Kombat Mythologies - Sub-Zero
Army Men - Sarge's Heroes
Carmageddon 64
Fighting Force 64
Indiana Jones and the Infernal Machine
Mace - The Dark Age
DONTHAVE-Scooby-Doo! Classic Creep Capers
Star Wars Episode I - Battle for Naboo
Bio F.R.E.A.K.S.
Chameleon Twist 2
FIFA 99
DONTHAVE-Getter Love!!
Gex 3 - Deep Cover Gecko
International Superstar Soccer 2000
Ken Griffey Jr.'s Slugfest
Madden Football 64
South Park Rally
Super Bowling
DONTHAVE-Virtual Pro Wrestling 64
WWF Attitude
WWF War Zone
Deadly Arts
Gex 64 - Enter the Gecko
Indy Racing 2000
International Track & Field 2000
Madden NFL 99
Major League Baseball featuring Ken Griffey Jr.
Quake 64
Rugrats - Scavenger Hunt
AeroGauge
Ms. Pac-Man - Maze Madness
DONTHAVE-Neon Genesis Evangelion
DONTHAVE-NFL Blitz 2000
Rampage - World Tour
Turok 3 - Shadow of Oblivion
Wayne Gretzky's 3D Hockey '98
WCW Backstage Assault
Buck Bumble
Bug's Life, A
Donald Duck - Goin' Quackers
Forsaken 64
Micro Machines 64 Turbo
Nightmare Creatures
Quake II
Star Soldier - Vanishing Earth
Nuclear Strike 64
RR64 - Ridge Racer 64
DONTHAVE-Toy Story 2 - Buxx Lightyear to the Rescue
WCW Mayhem