Sonic the Hedgehog 2
Gunstar Heroes
Streets of Rage 2
Sonic & Knuckles + Sonic The Hedgehog 3
Shining Force II
Phantasy Star IV
Sonic the Hedgehog
Shining Force
Sonic the Hedgehog 3
ToeJam & Earl
Sonic & Knuckles
Shinobi III - Return of the Ninja Master
Streets of Rage
Castlevania - Bloodlines
Phantasy Star II
Contra - Hard Corps
Dynamite Headdy
Vectorman
Comix Zone
LandStalker
Ristar
General Chaos
Rocket Knight Adventures
Streets of Rage 3
Lightening Force - Quest for the Darkstar
Golden Axe
Alien Soldier
NHL Hockey
Pirates! Gold
Kid Chameleon
Super Street Fighter II
Shadowrun
Revenge of Shinobi, The
Street Fighter II' - Special Champion Edition
Teenage Mutant Ninja Turtles - The Hyperstone Heist
Zombies Ate My Neighbors
MUSHA - Metallic Uniframe Super Hybrid Armor
Beyond Oasis
Road Rash II
Herzog Zwei
Mega Bomberman
Mortal Kombat II
Ghouls'n Ghosts
Road Rash
El. Viento
Virtua Racing
Dr. Robotnik's Mean Bean Machine
Ecco the Dolphin
Mutant League Football
Toejam & Earl in Panic on Funkotron
Earthworm Jim
Ecco - The Tides of Time
Mortal Kombat
Warsong
Phantasy Star III - Generations of Doom
Shining in the Darkness
Yuu Yuu Hakusho - Makyo Toitsusen
Cool Spot
Disney's Aladdin
Altered Beast
Golden Axe II
Flashback - The Quest for Identity
StarFlight
Warriors of the Eternal Sun
Jungle Strike
Michael Jackson's Moonwalker
Rock n' Roll Racing
Shadow Dancer - The Secret of Shinobi
Star Control
Wonder Boy in Monster World
Golden Axe III
Ranger X
Sonic The Hedgehog Spinball
Splatterhouse 3
GhostBusters
Jurassic Park
Monster World IV
Mutant League Hockey
Forgotten Worlds
Gaiares
Zero Wing
Mickey Mouse - World of Illusion
Might and Magic - Gates to Another World
Sunset Riders
Ultimate Mortal Kombat 3
Alisia Dragoon
Bio Hazard Battle
Eternal Champions
Mega Man - The Wily Wars
Micro Machines
NBA Jam
Strider
OutRun
QuackShot Starring Donald Duck ~ QuackShot - I Love Donald Duck - Guruzia Ou no Hihou 
Thunder Force III
Boogerman - A Pick and Flick Adventure
John Madden Football
Target Earth
Arcus Odyssey
Crusader of Centy
Dune - The Battle for Arrakis
Sonic 3D Blast ~ Sonic 3D Flickies' Island
Twinkle Tale
Urban Strike
Vectorman 2
World Series Baseball