ActRaiser
Aladdin
Alien 3
Axelay
Blackthorne
Breath of Fire
Breath of Fire II
Bust-a-Move
Chrono Trigger
Contra III - The Alien Wars
Demon's Crest
Donkey Kong Country
Donkey Kong Country 2 - Diddy's Kong Quest
Donkey Kong Country 3 - Dixie Kong's Double Trouble!
EarthBound
Earthworm Jim
Earthworm Jim 2
E.V.O. - Search for Eden
F-Zero
Fatal Fury 2
Final Fantasy II
Final Fantasy III
Final Fight
Flashback - The Quest for Identity
Gradius III
Harvest Moon
Illusion of Gaia
International Superstar Soccer
Joe & Mac 2 - Lost in the Tropics
Jungle Strike
Ken Griffey Jr.'s Winning Run
Killer Instinct
Kirby's Avalanche
Kirby's Dream Course
Kirby's Dream Land 3
Kirby Super Star
Legend of The Mystical Ninja, The
Lufia II - Rise of the Sinistrals
Madden NFL '94
Mario Paint
Mega Man X
Mega Man X2
Mega Man X3
Metal Warriors
Mortal Kombat II
NBA Jam
NHL '94
Ogre Battle - The March of the Black Queen
Out of this World
Pilotwings
Pocky & Rocky 2
Populous
R-Type III
Rock n' Roll Racing
Secret of Mana
Shadowrun
SimCity
Soul Blazer
Sparkster
Spider-Man - Venom - Maximum Carnage
Star Fox
Street Fighter Alpha 2
Street Fighter II Turbo
Stunt Race FX
Sunset Riders
Super Bomberman
Super Bomberman 2
Super Castlevania IV
Super Double Dragon
Super Ghouls'n Ghosts
Super Mario All-Stars
Super Mario Kart
Super Mario RPG - Legend of the Seven Stars
Super Mario World
Super Mario World 2 - Yoshi's Island
Super Metroid
Super Punch-Out!!
Super Star Wars
Super Star Wars - Return of the Jedi
Super Star Wars - The Empire Strikes Back
Super Tennis
Super Turrican 2
Teenage Mutant Ninja Turtles IV - Turtles in Time
Tetris & Dr. Mario
Tetris Attack
Adventures of Batman & Robin, The
Death and Return of Superman, The
Legend of Zelda, The - A Link to the Past
Lion King, The
Lost Vikings, The
Magical Quest Starring Mickey Mouse, The
Tiny Toon Adventures - Buster Busts Loose!
Top Gear 2
Ultimate Mortal Kombat 3
Uniracers
U.N. Squadron
Wario's Woods
X-Men - Mutant Apocalypse
Yoshi's Cookie
Zombies Ate My Neighbors