River Raid
Enduro
Pac-Man
Frogger
Space Invaders
Seaquest
Donkey Kong
Tennis
MegaMania - A Space Nightmare
Grand Prix
Keystone Kapers
Pitfall II - Lost Caverns
Pelé's Soccer
Atlantis
Phoenix
Frostbite
Demon Attack
Freeway
Moon Patrol
Pole Position
Outlaw - Gunslinger
Smurf - Rescue in Gargamel's Castle
Pengo
Defender
Motocross
Boxing
Zaxxon
Mr. Postman
Chopper Command
H.E.R.O.
Ms. Pac-Man
Galaxian
Berzerk
X-Man
Spider Fighter
Cosmic Ark
Mouse Trap
Popeye
Planet Patrol
Jungle Hunt
River Raid II
Skiing
Kangaroo
Robot Tank
Volleyball
Vanguard
Bobby Is Going Home
Basketball
Missile Command
Condor Attack
Yars' Revenge
Centipede
Mario Bros.
Ice Hockey
Asteroids
Football
Joust
Superman
Gorf
Video Chess
Air Raiders
Flash Gordon
Q*bert
Carnival
Laser Gates
Adventure
Trick Shot
Fishing Derby
Amidar
Jawbreaker
Venture
Bowling
Open Sesame
Pitfall! - Pitfall Harry's Jungle Adventure
Night Driver
BattleZone
Activision Decathlon (The)
International Soccer
Air-Sea Battle ~ Target Fun
Raiders of the Lost Ark
Commando Raid
Dig Dug
Bank Heist
RealSports Tennis
Custer's Revenge
3-D Tic-Tac-Toe
Dodge 'Em ~ Dodger Cars
Wizard of Wor
Beamrider
Krull
Pressure Cooker
Fire Fighter
Breakout ~ Breakaway IV
Blueprint
Pinball
StarMaster
SwordQuest - EarthWorld
Baseball
Othello