Ultima I (1981)(California Pacific Computer)(Disk 1 of 2)
Ultima I (1981)(California Pacific Computer)(Disk 2 of 2)
Castle Wolfenstein (1981)(Muse)
Wizardry (1981)(Andrew Greenberg)(Disk 1 of 2)
Wizardry (1981)(Andrew Greenberg)(Disk 2 of 2)
Swashbuckler (19xx)(-)
Choplifter (19xx)(-)
Lode Runner (1983)(broderbund)[cr2]
Lode Runner (1983)(broderbund)[cr]
Cavern Creatures (1983)(Datamost)
Karateka (1984)(Broderbund)
Bard's Tale, The (1985)(Electronic Arts)[cr](Disk 1 of 4)
Bard's Tale, The (1985)(Electronic Arts)[cr](Disk 2 of 4)(Character)
Bard's Tale, The (1985)(Electronic Arts)[cr](Disk 3 of 4)(Dungeon 1)
Bard's Tale, The (1985)(Electronic Arts)[cr](Disk 4 of 4)(Dungeon 2)
Elite (1985)(David Braben - I. Bell)[cr]
Might And Magic - Book One (1986)(New World Computing)[b](Disk 1 of 4)
Might And Magic - Book One (1986)(New World Computing)[b](Disk 2 of 4)
Might And Magic - Book One (1986)(New World Computing)[b](Disk 3 of 4)
Might And Magic - Book One (1986)(New World Computing)[b](Disk 4 of 4)
Pirates! (1987)(Microprose)[cr](Disk 1 of 3 Side A)
Pirates! (1987)(Microprose)[cr](Disk 1 of 3 Side B)(Game)
Pirates! (1987)(Microprose)[cr](Disk 2 of 3)(Docs)
Pirates! (1987)(Microprose)[cr](Disk 3 of 3)(Save)
California Games (1987)(Epyx)[cr](Disk 1 of 2)
California Games (1987)(Epyx)[cr](Disk 2 of 2)
Maniac Mansion (1987)(LFL)(Disk 1 of 1 Side A)
Maniac Mansion (1987)(LFL)(Disk 1 of 1 Side B)
Wasteland (1987)(Electronic Arts)[cr](Disk 1 of 4 Side A)
Wasteland (1987)(Electronic Arts)[cr](Disk 1 of 4 Side B)
Wasteland (1987)(Electronic Arts)[cr](Disk 2 of 4 Side A)
Wasteland (1987)(Electronic Arts)[cr](Disk 2 of 4 Side B)
Prince of Persia (1989)(Broderbund)(Disk 1 of 3)[cr]
Prince of Persia (1989)(Broderbund)(Disk 2 of 3)[cr]
Prince of Persia (1989)(Broderbund)(Disk 3 of 3)[cr]
Battle Chess (1988-1990)(Interplay)[cr](Disk 1 of 1 Side A)
Battle Chess (1988-1990)(Interplay)[cr](Disk 1 of 1 Side B)